# Licensed to the Apache Software Foundation (ASF) under one or more
# contributor license agreements.  See the NOTICE file distributed with
# this work for additional information regarding copyright ownership.
# The ASF licenses this file to You under the Apache License, Version 2.0
# (the "License"); you may not use this file except in compliance with
# the License.  You may obtain a copy of the License at
#
#     http://www.apache.org/licenses/LICENSE-2.0
#
# Unless required by applicable law or agreed to in writing, software
# distributed under the License is distributed on an "AS IS" BASIS,
# WITHOUT WARRANTIES OR CONDITIONS OF ANY KIND, either express or implied.
# See the License for the specific language governing permissions and
# limitations under the License.

# This file is used to show how to write configuration files and can be used to test.

  cases:
    # trace segment list
    - query: |
        curl -s -XPOST http://${provider_host}:${provider_9090}/profile/users?e2e=true -d '{"enableProfiling":"false","name":"SkyWalking"}' -H "Content-Type: application/json" > /dev/null;
        sleep 3;
        swctl --display yaml --base-url=http://${oap_host}:${oap_12800}/graphql trace ls --service-name=e2e-service-provider
      expected: expected/traces-list.yml
    # service list
    - query: swctl --display yaml --base-url=http://${oap_host}:${oap_12800}/graphql service ls
      expected: expected/service.yml
    # service instance list
    - query: swctl --display yaml --base-url=http://${oap_host}:${oap_12800}/graphql instance list --service-name=e2e-service-provider
      expected: expected/service-instance.yml
    # service endpoint
    - query: swctl --display yaml --base-url=http://${oap_host}:${oap_12800}/graphql endpoint list --keyword=profile --service-name=e2e-service-provider
      expected: expected/service-endpoint.yml
    # create task
    - query: |
        swctl --display yaml --base-url=http://${oap_host}:${oap_12800}/graphql \
          profile create --service-name=e2e-service-provider \
            --endpoint-name=POST:/profile/{name} \
            --start-time=-1 \
            --duration=1 \
            --dump-period=500 --max-sampling-count=5
      expected: expected/profile-create.yml
    # profile list notified: sleep to wait agent notices and query profile list
    - query: sleep 3 && swctl --display yaml --base-url=http://${oap_host}:${oap_12800}/graphql profile list -service-name=e2e-service-provider --endpoint-name=POST:/profile/{name}
      expected: expected/profile-list-notified.yml
    # profile list finished:
    - query: |
        curl -s -XPOST http://${provider_host}:${provider_9090}/profile/users?e2e=true -d '{"enableProfiling":"true","name":"SkyWalking"}' -H "Content-Type: application/json" > /dev/null;
        sleep 3;
        swctl --display yaml --base-url=http://${oap_host}:${oap_12800}/graphql profile list -service-name=e2e-service-provider --endpoint-name=POST:/profile/{name}
      expected: expected/traces-list-finished.yml
    # profiled segment list
    - query: |
        curl -X POST http://${consumer_host}:${consumer_9092}/info > /dev/null;
        sleep 5;
        swctl --display yaml --base-url=http://${oap_host}:${oap_12800}/graphql profile segment-list --task-id=$( \
          swctl --display yaml --base-url=http://${oap_host}:${oap_12800}/graphql profile list --service-name=e2e-service-provider --endpoint-name=POST:/profile/{name} | yq e '.[0].id' - \
        )
      expected: expected/profile-segment-list.yml
